<html>
<body>
<pre>
<h1>µVision Build Log</h1>
<h2>Tool Versions:</h2>
IDE-Version: ¶ÃVision V5.36.0.0
Copyright (C) 2021 ARM Ltd and ARM Germany GmbH. All rights reserved.
License Information: YJH YJH, YJH, LIC=14HV2-9URXV-74ZS0-BYJ9F-V5YIW-HQT2K
 
Tool Versions:
Toolchain:       MDK-ARM Plus  Version: 5.36.0.0
Toolchain Path:  D:\Keil_v5\ARM\ARMCC\Bin
C Compiler:      Armcc.exe V5.06 update 7 (build 960)
Assembler:       Armasm.exe V5.06 update 7 (build 960)
Linker/Locator:  ArmLink.exe V5.06 update 7 (build 960)
Library Manager: ArmAr.exe V5.06 update 7 (build 960)
Hex Converter:   FromElf.exe V5.06 update 7 (build 960)
CPU DLL:         SARMCM3.DLL V5.36.0.0
Dialog DLL:      DCM.DLL V1.17.3.0
Target DLL:      Segger\JL2CM3.dll V2.99.40.0
Dialog DLL:      TCM.DLL V1.53.0.0
 
<h2>Project:</h2>
C:\Users\mgk\Desktop\SBUS≤‚ ‘\Ω®ÕºCar - 8M\project\XJRobot_center.uvprojx
Project File Date:  10/24/2025

<h2>Output:</h2>
*** Using Compiler 'V5.06 update 7 (build 960)', folder: 'D:\Keil_v5\ARM\ARMCC\Bin'
Rebuild target 'SJRobot_center'
assembling startup_stm32f40_41xxx.s...
compiling misc.c...
compiling stm32f4xx_it.c...
compiling stm32f4xx_adc.c...
compiling system_stm32f4xx.c...
compiling stm32f4xx_gpio.c...
compiling stm32f4xx_crc.c...
compiling stm32f4xx_i2c.c...
compiling stm32f4xx_dma.c...
compiling stm32f4xx_can.c...
compiling stm32f4xx_rcc.c...
compiling stm32f4xx_rtc.c...
compiling stm32f4xx_sdio.c...
compiling stm32f4xx_spi.c...
compiling stm32f4xx_syscfg.c...
compiling stm32f4xx_dac.c...
compiling stm32f4xx_exti.c...
compiling stm32f4xx_usart.c...
compiling stm32f4xx_tim.c...
compiling usbh_hid_gamepad.c...
compiling usbh_hid_core.c...
compiling usbh_hcs.c...
compiling usbh_hid_keybd.c...
compiling usbh_ioreq.c...
compiling usbh_stdreq.c...
compiling usb_hcd.c...
compiling usb_hcd_int.c...
compiling usb_core.c...
compiling usbh_hid_mouse.c...
compiling usb_bsp.c...
compiling usbh_core.c...
compiling usbh_usr.c...
compiling usart.c...
compiling GPIO_int.c...
compiling Sys.c...
compiling myiic.c...
compiling can.c...
compiling w25q64.c...
compiling drive_motor.c...
compiling oled.c...
compiling motor.c...
compiling qmi8658a.c...
compiling servo.c...
compiling adc.c...
compiling ws2812b.c...
compiling KalmanFilter.c...
compiling robot.c...
compiling car.c...
compiling kinematics.c...
compiling pid.c...
compiling Common_Math.c...
compiling app_sensor.c...
compiling main.c...
compiling Task_manager.c...
..\User_program\Task_manager.c(89): warning:  #167-D: argument of type "u8 *" is incompatible with parameter of type "char *"
  			analysis(uart_receive_buf,Serial_Data);
..\User_program\Task_manager.c: 1 warning, 0 errors
compiling global.c...
..\User_program\global.c(851): warning:  #177-D: variable "sbus_buf_prev"  was declared but never referenced
  static uint16_t sbus_buf_prev[16] = {0};
..\User_program\global.c: 1 warning, 0 errors
compiling app_ps2.c...
linking...
Program Size: Code=54298 RO-data=4342 RW-data=1636 ZI-data=11476  
FromELF: creating hex file...
".\Objects\SJRobot_center.axf" - 0 Error(s), 2 Warning(s).

<h2>Software Packages used:</h2>

Package Vendor: Keil
                https://www.keil.com/pack/Keil.STM32F4xx_DFP.3.1.1.pack
                Keil.STM32F4xx_DFP.3.1.1
                STMicroelectronics STM32F4 Series Device Support

<h2>Collection of Component include folders:</h2>

<h2>Collection of Component Files used:</h2>
Build Time Elapsed:  00:00:06
</pre>
</body>
</html>
